// Jest Snapshot v1, https://goo.gl/fbAQLP

exports[`renders all together 1`] = `
.c5 {
  vertical-align: middle;
  height: 1.5rem;
  width: 1.5rem;
}

.c1 {
  color: #313440;
  margin: 0 0 1rem;
  color: #5E637A;
  font-size: 0.875rem;
  font-weight: 400;
  line-height: 1.25rem;
  margin: 0 0 0.75rem;
}

.c1:last-child {
  margin-bottom: 0;
}

.c3 {
  -webkit-align-items: center;
  -webkit-box-align: center;
  -ms-flex-align: center;
  align-items: center;
  background-color: #FFFFFF;
  border-radius: 0.25rem;
  box-sizing: border-box;
  display: -webkit-box;
  display: -webkit-flex;
  display: -ms-flexbox;
  display: flex;
  min-height: 2.25rem;
  padding: 0.25rem 0.75rem;
  width: 100%;
  border: 1px solid #D9DCE9;
}

.c3:hover:not([disabled]) {
  border: 1px solid #B4BAD1;
}

.c3[disabled] {
  background-color: #ECEEF5;
}

.c7 {
  border: 0;
  box-sizing: border-box;
  color: #313440;
  -webkit-flex: 1;
  -ms-flex: 1;
  flex: 1;
  height: 1.5rem;
  margin-top: 0.25rem;
  padding: 0;
  width: 100%;
  padding-right: 0.25rem;
  padding-left: 0.25rem;
}

.c7:focus {
  outline: none;
}

.c7::-webkit-input-placeholder {
  color: #B4BAD1;
  font-size: 1rem;
}

.c7::-moz-placeholder {
  color: #B4BAD1;
  font-size: 1rem;
}

.c7:-ms-input-placeholder {
  color: #B4BAD1;
  font-size: 1rem;
}

.c7::placeholder {
  color: #B4BAD1;
  font-size: 1rem;
}

.c7[disabled] {
  background-color: #ECEEF5;
}

.c4 {
  color: #5E637A;
  -webkit-flex: 0 0 1.5rem;
  -ms-flex: 0 0 1.5rem;
  flex: 0 0 1.5rem;
  height: 1.5rem;
}

.c6 {
  box-sizing: border-box;
  display: -webkit-box;
  display: -webkit-flex;
  display: -ms-flexbox;
  display: flex;
  -webkit-flex-wrap: wrap;
  -ms-flex-wrap: wrap;
  flex-wrap: wrap;
  -webkit-flex: 1;
  -ms-flex: 1;
  flex: 1;
  height: 100%;
  margin-top: -0.25rem;
}

.c0 {
  color: #313440;
  margin: 0 0 1rem;
  font-size: 1rem;
  font-weight: 600;
  line-height: 1.5rem;
  margin: 0 0 0.5rem;
  display: inline-block;
  margin-bottom: 0.25rem;
}

.c0::after {
  color: #5E637A;
  content: ' (optional)';
  font-weight: 400;
}

@media (min-width:720px) {
  .eLjSIS .c2,
  .eLjSIS .styled__StyledTextareaWrapper-c1uos0-0 {
    max-width: 26rem;
  }
}

<div>
  <label
    class="c0"
    for="input_0"
  >
    This is a label
  </label>
  <p
    class="c1"
  >
    This is a description
  </p>
  <span
    class="c2 c3"
  >
    <div
      class="c4"
    >
      <svg
        class="c5"
        data-testid="icon-left"
        fill="currentColor"
        height="24"
        stroke="currentColor"
        stroke-width="0"
        viewBox="0 0 24 24"
        width="24"
      >
        <title />
        <path
          d="M0 0h24v24H0V0z"
          fill="none"
        />
        <path
          d="M18 13h-5v5c0 .55-.45 1-1 1s-1-.45-1-1v-5H6c-.55 0-1-.45-1-1s.45-1 1-1h5V6c0-.55.45-1 1-1s1 .45 1 1v5h5c.55 0 1 .45 1 1s-.45 1-1 1z"
        />
      </svg>
    </div>
    <div
      class="c6"
    >
      <input
        class="c7"
        id="input_0"
      />
    </div>
    <div
      class="c4"
    >
      <svg
        class="c5"
        data-testid="icon-right"
        fill="currentColor"
        height="24"
        stroke="currentColor"
        stroke-width="0"
        viewBox="0 0 24 24"
        width="24"
      >
        <title />
        <path
          d="M0 0h24v24H0V0z"
          fill="none"
        />
        <path
          d="M18 13h-5v5c0 .55-.45 1-1 1s-1-.45-1-1v-5H6c-.55 0-1-.45-1-1s.45-1 1-1h5V6c0-.55.45-1 1-1s1 .45 1 1v5h5c.55 0 1 .45 1 1s-.45 1-1 1z"
        />
      </svg>
    </div>
  </span>
</div>
`;
