// Jest Snapshot v1, https://goo.gl/fbAQLP

exports[`render link 1`] = `
.c0 {
  color: #3C64F4;
  -webkit-text-decoration: none;
  text-decoration: none;
  cursor: pointer;
}

<a
  class="c0"
  href="#"
>
  Link
</a>
`;
