// Jest Snapshot v1, https://goo.gl/fbAQLP

exports[`renders the dropdown menu open 1`] = `
.c0 {
  -webkit-align-items: center;
  -webkit-box-align: center;
  -ms-flex-align: center;
  align-items: center;
  box-sizing: border-box;
  cursor: default;
  display: -webkit-box;
  display: -webkit-flex;
  display: -ms-flexbox;
  display: flex;
  height: 2.25rem;
  -webkit-box-pack: justify;
  -webkit-justify-content: space-between;
  -ms-flex-pack: justify;
  justify-content: space-between;
  min-width: 16rem;
  outline: none;
  padding: 0 1rem;
}

.c0[aria-selected='true'] {
  font-weight: 600;
}

.c0[data-highlighted='true'] {
  background-color: #F6F7FC;
}

.c0 a {
  -webkit-align-items: center;
  -webkit-box-align: center;
  -ms-flex-align: center;
  align-items: center;
  color: #313440;
  cursor: pointer;
  display: -webkit-box;
  display: -webkit-flex;
  display: -ms-flexbox;
  display: flex;
  height: 100%;
  margin: 0 -1rem;
  padding: 0 1rem;
  -webkit-text-decoration: none;
  text-decoration: none;
  width: 100%;
}

<li
  class="c0"
  data-highlighted="false"
  id="dropdown_0-item-3"
  role="menuitem"
  tabindex="-1"
  value="3"
>
  Option
</li>
`;
