// Jest Snapshot v1, https://goo.gl/fbAQLP

exports[`DummyButton dummy test 1`] = `
.c0 {
  color: white;
  background-color: blue;
}

<button
  className="c0"
>
  Click me
</button>
`;
