// Jest Snapshot v1, https://goo.gl/fbAQLP

exports[`renders simple tree 1`] = `
<ul
  aria-multiselectable="false"
  class="styled__StyledUl-sc-e29d38cf-0 iuMvwx"
  role="tree"
  style="overflow: hidden;"
>
  <li
    aria-expanded="false"
    class="styled__StyledLi-sc-e02805a5-0 exwAET"
    role="treeitem"
    tabindex="-1"
  >
    <div
      class="styled__StyledBox-sc-a292ca10-0 cUanYy styled__StyledFlex-sc-e31baa4d-0 hhSZkf styled__StyledFlex-sc-e02805a5-3 jfajbC"
    >
      <div
        class="styled__StyledBox-sc-a292ca10-0 cUanYy styled__StyledFlexItem-sc-2b88929e-0 fZgeMy styled__StyledArrowWrapper-sc-e02805a5-1 jxzNJp"
      >
        <svg
          aria-hidden="true"
          class="base__StyledIcon-sc-a9u0e1-0 becPjm"
          color="secondary60"
          fill="currentColor"
          focusable="false"
          height="24"
          stroke="currentColor"
          stroke-width="0"
          viewBox="0 0 24 24"
          width="24"
        >
          <path
            d="M0 0h24v24H0V0z"
            fill="none"
          />
          <path
            d="M9.29 6.71a.996.996 0 000 1.41L13.17 12l-3.88 3.88a.996.996 0 101.41 1.41l4.59-4.59a.996.996 0 000-1.41L10.7 6.7c-.38-.38-1.02-.38-1.41.01z"
          />
        </svg>
      </div>
      <div
        class="styled__StyledBox-sc-a292ca10-0 hJatVE styled__StyledFlexItem-sc-2b88929e-0 fZgeMy styled__StyledFlexItem-sc-e02805a5-4 gdkXEM"
      >
        <svg
          aria-hidden="true"
          class="base__StyledIcon-sc-a9u0e1-0 fUPZhF"
          color="primary30"
          fill="currentColor"
          height="24"
          stroke="currentColor"
          stroke-width="0"
          viewBox="0 0 24 24"
          width="24"
        >
          <path
            d="M0 0h24v24H0V0z"
            fill="none"
          />
          <path
            d="M10.59 4.59C10.21 4.21 9.7 4 9.17 4H4c-1.1 0-1.99.9-1.99 2L2 18c0 1.1.9 2 2 2h16c1.1 0 2-.9 2-2V8c0-1.1-.9-2-2-2h-8l-1.41-1.41z"
          />
        </svg>
      </div>
      <span
        class="styled__StyledText-sc-b49c1f6a-5 styled__StyledText-sc-e02805a5-6 ghCejZ fYyaKd"
        color="secondary70"
      >
        Test Node 0
      </span>
    </div>
    <ul
      class="styled__StyledUl-sc-e29d38cf-0 diOULQ"
      role="group"
    >
      <li
        aria-expanded="false"
        class="styled__StyledLi-sc-e02805a5-0 exwAET"
        role="treeitem"
        tabindex="-1"
      >
        <div
          class="styled__StyledBox-sc-a292ca10-0 cUanYy styled__StyledFlex-sc-e31baa4d-0 hhSZkf styled__StyledFlex-sc-e02805a5-3 jfajbC"
        >
          <div
            class="styled__StyledBox-sc-a292ca10-0 cUanYy styled__StyledFlexItem-sc-2b88929e-0 fZgeMy styled__StyledArrowWrapper-sc-e02805a5-1 jxzNJp"
          >
            <svg
              aria-hidden="true"
              class="base__StyledIcon-sc-a9u0e1-0 becPjm"
              color="secondary60"
              fill="currentColor"
              focusable="false"
              height="24"
              stroke="currentColor"
              stroke-width="0"
              viewBox="0 0 24 24"
              width="24"
            >
              <path
                d="M0 0h24v24H0V0z"
                fill="none"
              />
              <path
                d="M9.29 6.71a.996.996 0 000 1.41L13.17 12l-3.88 3.88a.996.996 0 101.41 1.41l4.59-4.59a.996.996 0 000-1.41L10.7 6.7c-.38-.38-1.02-.38-1.41.01z"
              />
            </svg>
          </div>
          <div
            class="styled__StyledBox-sc-a292ca10-0 hJatVE styled__StyledFlexItem-sc-2b88929e-0 fZgeMy styled__StyledFlexItem-sc-e02805a5-4 gdkXEM"
          >
            <svg
              aria-hidden="true"
              class="base__StyledIcon-sc-a9u0e1-0 fUPZhF"
              color="primary30"
              fill="currentColor"
              height="24"
              stroke="currentColor"
              stroke-width="0"
              viewBox="0 0 24 24"
              width="24"
            >
              <path
                d="M0 0h24v24H0V0z"
                fill="none"
              />
              <path
                d="M10.59 4.59C10.21 4.21 9.7 4 9.17 4H4c-1.1 0-1.99.9-1.99 2L2 18c0 1.1.9 2 2 2h16c1.1 0 2-.9 2-2V8c0-1.1-.9-2-2-2h-8l-1.41-1.41z"
              />
            </svg>
          </div>
          <span
            class="styled__StyledText-sc-b49c1f6a-5 styled__StyledText-sc-e02805a5-6 ghCejZ fYyaKd"
            color="secondary70"
          >
            Test Node 5
          </span>
        </div>
        <ul
          class="styled__StyledUl-sc-e29d38cf-0 diOULQ"
          role="group"
        >
          <li
            aria-expanded="false"
            class="styled__StyledLi-sc-e02805a5-0 exwAET"
            role="treeitem"
            tabindex="-1"
          >
            <div
              class="styled__StyledBox-sc-a292ca10-0 cUanYy styled__StyledFlex-sc-e31baa4d-0 hhSZkf styled__StyledFlex-sc-e02805a5-3 jfajbC"
            >
              <div
                class="styled__StyledGap-sc-e02805a5-5 eNaksP"
              />
              <div
                class="styled__StyledBox-sc-a292ca10-0 hJatVE styled__StyledFlexItem-sc-2b88929e-0 fZgeMy styled__StyledFlexItem-sc-e02805a5-4 gdkXEM"
              >
                <svg
                  aria-hidden="true"
                  class="base__StyledIcon-sc-a9u0e1-0 fUPZhF"
                  color="primary30"
                  fill="currentColor"
                  height="24"
                  stroke="currentColor"
                  stroke-width="0"
                  viewBox="0 0 24 24"
                  width="24"
                >
                  <path
                    d="M0 0h24v24H0V0z"
                    fill="none"
                  />
                  <path
                    d="M10.59 4.59C10.21 4.21 9.7 4 9.17 4H4c-1.1 0-1.99.9-1.99 2L2 18c0 1.1.9 2 2 2h16c1.1 0 2-.9 2-2V8c0-1.1-.9-2-2-2h-8l-1.41-1.41z"
                  />
                </svg>
              </div>
              <span
                class="styled__StyledText-sc-b49c1f6a-5 styled__StyledText-sc-e02805a5-6 ghCejZ fYyaKd"
                color="secondary70"
              >
                Test Node 9
              </span>
            </div>
          </li>
        </ul>
      </li>
    </ul>
  </li>
  <li
    aria-expanded="false"
    class="styled__StyledLi-sc-e02805a5-0 exwAET"
    role="treeitem"
    tabindex="-1"
  >
    <div
      class="styled__StyledBox-sc-a292ca10-0 cUanYy styled__StyledFlex-sc-e31baa4d-0 hhSZkf styled__StyledFlex-sc-e02805a5-3 jfajbC"
    >
      <div
        class="styled__StyledBox-sc-a292ca10-0 cUanYy styled__StyledFlexItem-sc-2b88929e-0 fZgeMy styled__StyledArrowWrapper-sc-e02805a5-1 jxzNJp"
      >
        <svg
          aria-hidden="true"
          class="base__StyledIcon-sc-a9u0e1-0 becPjm"
          color="secondary60"
          fill="currentColor"
          focusable="false"
          height="24"
          stroke="currentColor"
          stroke-width="0"
          viewBox="0 0 24 24"
          width="24"
        >
          <path
            d="M0 0h24v24H0V0z"
            fill="none"
          />
          <path
            d="M9.29 6.71a.996.996 0 000 1.41L13.17 12l-3.88 3.88a.996.996 0 101.41 1.41l4.59-4.59a.996.996 0 000-1.41L10.7 6.7c-.38-.38-1.02-.38-1.41.01z"
          />
        </svg>
      </div>
      <div
        class="styled__StyledBox-sc-a292ca10-0 hJatVE styled__StyledFlexItem-sc-2b88929e-0 fZgeMy styled__StyledFlexItem-sc-e02805a5-4 gdkXEM"
      >
        <svg
          aria-hidden="true"
          class="base__StyledIcon-sc-a9u0e1-0 fUPZhF"
          color="primary30"
          fill="currentColor"
          height="24"
          stroke="currentColor"
          stroke-width="0"
          viewBox="0 0 24 24"
          width="24"
        >
          <path
            d="M0 0h24v24H0V0z"
            fill="none"
          />
          <path
            d="M10.59 4.59C10.21 4.21 9.7 4 9.17 4H4c-1.1 0-1.99.9-1.99 2L2 18c0 1.1.9 2 2 2h16c1.1 0 2-.9 2-2V8c0-1.1-.9-2-2-2h-8l-1.41-1.41z"
          />
        </svg>
      </div>
      <span
        class="styled__StyledText-sc-b49c1f6a-5 styled__StyledText-sc-e02805a5-6 ghCejZ fYyaKd"
        color="secondary70"
      >
        Test Node 1
      </span>
    </div>
    <ul
      class="styled__StyledUl-sc-e29d38cf-0 diOULQ"
      role="group"
    >
      <li
        aria-expanded="false"
        class="styled__StyledLi-sc-e02805a5-0 exwAET"
        role="treeitem"
        tabindex="-1"
      >
        <div
          class="styled__StyledBox-sc-a292ca10-0 cUanYy styled__StyledFlex-sc-e31baa4d-0 hhSZkf styled__StyledFlex-sc-e02805a5-3 jfajbC"
        >
          <div
            class="styled__StyledGap-sc-e02805a5-5 eNaksP"
          />
          <div
            class="styled__StyledBox-sc-a292ca10-0 hJatVE styled__StyledFlexItem-sc-2b88929e-0 fZgeMy styled__StyledFlexItem-sc-e02805a5-4 gdkXEM"
          >
            <svg
              aria-hidden="true"
              class="base__StyledIcon-sc-a9u0e1-0 fUPZhF"
              color="primary30"
              fill="currentColor"
              height="24"
              stroke="currentColor"
              stroke-width="0"
              viewBox="0 0 24 24"
              width="24"
            >
              <path
                d="M0 0h24v24H0V0z"
                fill="none"
              />
              <path
                d="M10.59 4.59C10.21 4.21 9.7 4 9.17 4H4c-1.1 0-1.99.9-1.99 2L2 18c0 1.1.9 2 2 2h16c1.1 0 2-.9 2-2V8c0-1.1-.9-2-2-2h-8l-1.41-1.41z"
              />
            </svg>
          </div>
          <span
            class="styled__StyledText-sc-b49c1f6a-5 styled__StyledText-sc-e02805a5-6 ghCejZ fYyaKd"
            color="secondary70"
          >
            Test Node 6
          </span>
        </div>
      </li>
    </ul>
  </li>
  <li
    aria-expanded="false"
    class="styled__StyledLi-sc-e02805a5-0 exwAET"
    role="treeitem"
    tabindex="-1"
  >
    <div
      class="styled__StyledBox-sc-a292ca10-0 cUanYy styled__StyledFlex-sc-e31baa4d-0 hhSZkf styled__StyledFlex-sc-e02805a5-3 jfajbC"
    >
      <div
        class="styled__StyledGap-sc-e02805a5-5 eNaksP"
      />
      <div
        class="styled__StyledBox-sc-a292ca10-0 hJatVE styled__StyledFlexItem-sc-2b88929e-0 fZgeMy styled__StyledFlexItem-sc-e02805a5-4 gdkXEM"
      >
        <svg
          aria-hidden="true"
          class="base__StyledIcon-sc-a9u0e1-0 fUPZhF"
          color="primary30"
          fill="currentColor"
          height="24"
          stroke="currentColor"
          stroke-width="0"
          viewBox="0 0 24 24"
          width="24"
        >
          <path
            d="M0 0h24v24H0V0z"
            fill="none"
          />
          <path
            d="M10.59 4.59C10.21 4.21 9.7 4 9.17 4H4c-1.1 0-1.99.9-1.99 2L2 18c0 1.1.9 2 2 2h16c1.1 0 2-.9 2-2V8c0-1.1-.9-2-2-2h-8l-1.41-1.41z"
          />
        </svg>
      </div>
      <span
        class="styled__StyledText-sc-b49c1f6a-5 styled__StyledText-sc-e02805a5-6 ghCejZ fYyaKd"
        color="secondary70"
      >
        Category
      </span>
    </div>
  </li>
  <li
    aria-expanded="false"
    class="styled__StyledLi-sc-e02805a5-0 exwAET"
    role="treeitem"
    tabindex="-1"
  >
    <div
      class="styled__StyledBox-sc-a292ca10-0 cUanYy styled__StyledFlex-sc-e31baa4d-0 hhSZkf styled__StyledFlex-sc-e02805a5-3 jfajbC"
    >
      <div
        class="styled__StyledBox-sc-a292ca10-0 cUanYy styled__StyledFlexItem-sc-2b88929e-0 fZgeMy styled__StyledArrowWrapper-sc-e02805a5-1 jxzNJp"
      >
        <svg
          aria-hidden="true"
          class="base__StyledIcon-sc-a9u0e1-0 becPjm"
          color="secondary60"
          fill="currentColor"
          focusable="false"
          height="24"
          stroke="currentColor"
          stroke-width="0"
          viewBox="0 0 24 24"
          width="24"
        >
          <path
            d="M0 0h24v24H0V0z"
            fill="none"
          />
          <path
            d="M9.29 6.71a.996.996 0 000 1.41L13.17 12l-3.88 3.88a.996.996 0 101.41 1.41l4.59-4.59a.996.996 0 000-1.41L10.7 6.7c-.38-.38-1.02-.38-1.41.01z"
          />
        </svg>
      </div>
      <div
        class="styled__StyledBox-sc-a292ca10-0 hJatVE styled__StyledFlexItem-sc-2b88929e-0 fZgeMy styled__StyledFlexItem-sc-e02805a5-4 gdkXEM"
      >
        <svg
          aria-hidden="true"
          class="base__StyledIcon-sc-a9u0e1-0 fUPZhF"
          color="primary30"
          fill="currentColor"
          height="24"
          stroke="currentColor"
          stroke-width="0"
          viewBox="0 0 24 24"
          width="24"
        >
          <path
            d="M0 0h24v24H0V0z"
            fill="none"
          />
          <path
            d="M10.59 4.59C10.21 4.21 9.7 4 9.17 4H4c-1.1 0-1.99.9-1.99 2L2 18c0 1.1.9 2 2 2h16c1.1 0 2-.9 2-2V8c0-1.1-.9-2-2-2h-8l-1.41-1.41z"
          />
        </svg>
      </div>
      <span
        class="styled__StyledText-sc-b49c1f6a-5 styled__StyledText-sc-e02805a5-6 ghCejZ fYyaKd"
        color="secondary70"
      >
        Test Node 3
      </span>
    </div>
    <ul
      class="styled__StyledUl-sc-e29d38cf-0 diOULQ"
      role="group"
    >
      <li
        aria-expanded="false"
        class="styled__StyledLi-sc-e02805a5-0 exwAET"
        role="treeitem"
        tabindex="-1"
      >
        <div
          class="styled__StyledBox-sc-a292ca10-0 cUanYy styled__StyledFlex-sc-e31baa4d-0 hhSZkf styled__StyledFlex-sc-e02805a5-3 jfajbC"
        >
          <div
            class="styled__StyledGap-sc-e02805a5-5 eNaksP"
          />
          <div
            class="styled__StyledBox-sc-a292ca10-0 hJatVE styled__StyledFlexItem-sc-2b88929e-0 fZgeMy styled__StyledFlexItem-sc-e02805a5-4 gdkXEM"
          >
            <svg
              aria-hidden="true"
              class="base__StyledIcon-sc-a9u0e1-0 fUPZhF"
              color="primary30"
              fill="currentColor"
              height="24"
              stroke="currentColor"
              stroke-width="0"
              viewBox="0 0 24 24"
              width="24"
            >
              <path
                d="M0 0h24v24H0V0z"
                fill="none"
              />
              <path
                d="M10.59 4.59C10.21 4.21 9.7 4 9.17 4H4c-1.1 0-1.99.9-1.99 2L2 18c0 1.1.9 2 2 2h16c1.1 0 2-.9 2-2V8c0-1.1-.9-2-2-2h-8l-1.41-1.41z"
              />
            </svg>
          </div>
          <span
            class="styled__StyledText-sc-b49c1f6a-5 styled__StyledText-sc-e02805a5-6 ghCejZ fYyaKd"
            color="secondary70"
          >
            Test Node 7
          </span>
        </div>
      </li>
    </ul>
  </li>
  <li
    aria-expanded="false"
    class="styled__StyledLi-sc-e02805a5-0 exwAET"
    role="treeitem"
    tabindex="-1"
  >
    <div
      class="styled__StyledBox-sc-a292ca10-0 cUanYy styled__StyledFlex-sc-e31baa4d-0 hhSZkf styled__StyledFlex-sc-e02805a5-3 jfajbC"
    >
      <div
        class="styled__StyledBox-sc-a292ca10-0 cUanYy styled__StyledFlexItem-sc-2b88929e-0 fZgeMy styled__StyledArrowWrapper-sc-e02805a5-1 jxzNJp"
      >
        <svg
          aria-hidden="true"
          class="base__StyledIcon-sc-a9u0e1-0 becPjm"
          color="secondary60"
          fill="currentColor"
          focusable="false"
          height="24"
          stroke="currentColor"
          stroke-width="0"
          viewBox="0 0 24 24"
          width="24"
        >
          <path
            d="M0 0h24v24H0V0z"
            fill="none"
          />
          <path
            d="M9.29 6.71a.996.996 0 000 1.41L13.17 12l-3.88 3.88a.996.996 0 101.41 1.41l4.59-4.59a.996.996 0 000-1.41L10.7 6.7c-.38-.38-1.02-.38-1.41.01z"
          />
        </svg>
      </div>
      <div
        class="styled__StyledBox-sc-a292ca10-0 hJatVE styled__StyledFlexItem-sc-2b88929e-0 fZgeMy styled__StyledFlexItem-sc-e02805a5-4 gdkXEM"
      >
        <svg
          aria-hidden="true"
          class="base__StyledIcon-sc-a9u0e1-0 fUPZhF"
          color="primary30"
          fill="currentColor"
          height="24"
          stroke="currentColor"
          stroke-width="0"
          viewBox="0 0 24 24"
          width="24"
        >
          <path
            d="M0 0h24v24H0V0z"
            fill="none"
          />
          <path
            d="M10.59 4.59C10.21 4.21 9.7 4 9.17 4H4c-1.1 0-1.99.9-1.99 2L2 18c0 1.1.9 2 2 2h16c1.1 0 2-.9 2-2V8c0-1.1-.9-2-2-2h-8l-1.41-1.41z"
          />
        </svg>
      </div>
      <span
        class="styled__StyledText-sc-b49c1f6a-5 styled__StyledText-sc-e02805a5-6 ghCejZ fYyaKd"
        color="secondary70"
      >
        Test Node 4
      </span>
    </div>
    <ul
      class="styled__StyledUl-sc-e29d38cf-0 diOULQ"
      role="group"
    >
      <li
        aria-expanded="false"
        class="styled__StyledLi-sc-e02805a5-0 exwAET"
        role="treeitem"
        tabindex="-1"
      >
        <div
          class="styled__StyledBox-sc-a292ca10-0 cUanYy styled__StyledFlex-sc-e31baa4d-0 hhSZkf styled__StyledFlex-sc-e02805a5-3 jfajbC"
        >
          <div
            class="styled__StyledGap-sc-e02805a5-5 eNaksP"
          />
          <div
            class="styled__StyledBox-sc-a292ca10-0 hJatVE styled__StyledFlexItem-sc-2b88929e-0 fZgeMy styled__StyledFlexItem-sc-e02805a5-4 gdkXEM"
          >
            <svg
              aria-hidden="true"
              class="base__StyledIcon-sc-a9u0e1-0 fUPZhF"
              color="primary30"
              fill="currentColor"
              height="24"
              stroke="currentColor"
              stroke-width="0"
              viewBox="0 0 24 24"
              width="24"
            >
              <path
                d="M0 0h24v24H0V0z"
                fill="none"
              />
              <path
                d="M10.59 4.59C10.21 4.21 9.7 4 9.17 4H4c-1.1 0-1.99.9-1.99 2L2 18c0 1.1.9 2 2 2h16c1.1 0 2-.9 2-2V8c0-1.1-.9-2-2-2h-8l-1.41-1.41z"
              />
            </svg>
          </div>
          <span
            class="styled__StyledText-sc-b49c1f6a-5 styled__StyledText-sc-e02805a5-6 ghCejZ fYyaKd"
            color="secondary70"
          >
            Test Node 8
          </span>
        </div>
      </li>
    </ul>
  </li>
</ul>
`;
