// Jest Snapshot v1, https://goo.gl/fbAQLP

exports[`render Grid 1`] = `
.c0 {
  box-sizing: border-box;
}

.c1 {
  grid-gap: 1rem;
  grid-template: "head head" 80px "nav  main" 1fr "nav  foot" 10% / 120px 1fr;
  display: grid;
}

.c2 {
  grid-area: head;
}

.c3 {
  grid-area: nav;
}

.c4 {
  grid-area: main;
}

.c5 {
  grid-area: foot;
}

<div
  class="c0 c1"
>
  <div
    class="c0 c2"
  >
    Header
  </div>
  <div
    class="c0 c3"
  >
    Sidebar
  </div>
  <div
    class="c0 c4"
  >
    Content
  </div>
  <div
    class="c0 c5"
  >
    Footer
  </div>
</div>
`;
