// Jest Snapshot v1, https://goo.gl/fbAQLP

exports[`render Grid 1`] = `
.c0 {
  display: grid;
  grid-gap: 1rem;
  grid-template: "head head" 80px "nav  main" 1fr "nav  foot" 10% / 120px 1fr;
}

.c1 {
  grid-area: head;
}

.c2 {
  grid-area: nav;
}

.c3 {
  grid-area: main;
}

.c4 {
  grid-area: foot;
}

<div
  class="c0 "
>
  <div
    class="c1 "
  >
    Header
  </div>
  <div
    class="c2 "
  >
    Sidebar
  </div>
  <div
    class="c3 "
  >
    Content
  </div>
  <div
    class="c4 "
  >
    Footer
  </div>
</div>
`;
