// Jest Snapshot v1, https://goo.gl/fbAQLP

exports[`render panel 1`] = `
.c0 {
  margin-bottom: 2rem;
  padding: 2rem;
  background-color: #FFFFFF;
  border-radius: 0.25rem;
  box-shadow: 0px 2px 12px rgba(49,52,64,0.2);
}

<div
  class="c0"
  elevation="floating"
>
  Dolore proident eiusmod sint est enim laboris anim minim quis ut adipisicing consectetur officia ex. Ipsum eiusmod fugiat amet pariatur culpa tempor aliquip tempor nisi. Irure esse deserunt nostrud ipsum id adipisicing enim velit labore. Nulla exercitation laborum laboris Lorem irure sit esse nulla mollit aliquip consectetur velit
</div>
`;
