// Jest Snapshot v1, https://goo.gl/fbAQLP

exports[`it renders accordion panel header 1`] = `
<h2
  class="styled__StyledH2-sc-218b28a9-2 styled__StyledH2-sc-93a30afd-1 lmYshP ixBhhO"
>
  Accordion Panel Header
</h2>
`;
