// Jest Snapshot v1, https://goo.gl/fbAQLP

exports[`renders Stepper 1`] = `
.c8 {
  vertical-align: middle;
  color: #FFFFFF;
  height: 1.25rem;
  width: 1.25rem;
}

.c0 {
  margin-bottom: 1.5rem;
  box-sizing: border-box;
}

.c2 {
  margin-bottom: 1.5rem;
  box-sizing: border-box;
}

.c5 {
  box-sizing: border-box;
  background-color: #3C64F4;
}

.c9 {
  box-sizing: border-box;
  background-color: #3C64F4;
}

.c14 {
  box-sizing: border-box;
  background-color: #D9DCE9;
}

.c15 {
  box-sizing: border-box;
  background-color: #8C93AD;
}

.c1 {
  align-content: stretch;
  align-items: stretch;
  flex-direction: row;
  flex-wrap: nowrap;
  justify-content: flex-start;
  display: flex;
}

.c6 {
  align-content: stretch;
  align-items: center;
  flex-direction: row;
  flex-wrap: nowrap;
  justify-content: center;
  display: flex;
}

.c3 {
  gap: 1rem;
  display: grid;
}

.c11 {
  color: #313440;
  margin: 0 0 1rem;
  font-size: 1rem;
  font-weight: 400;
  line-height: 1.5rem;
}

.c11:last-child {
  margin-bottom: 0;
}

.c16 {
  color: #8C93AD;
  margin: 0 0 1rem;
  font-size: 1rem;
  font-weight: 400;
  line-height: 1.5rem;
}

.c16:last-child {
  margin-bottom: 0;
}

.c4 {
  flex-basis: 100%;
  gap: 0.5rem;
  grid-template-areas: 'light dash' 'text text';
  grid-template-columns: auto 1fr;
}

.c7 {
  border-radius: 1rem;
  color: #FFFFFF;
  grid-area: light;
  user-select: none;
}

.c10 {
  align-self: center;
  height: 0.125rem;
  grid-area: dash;
  width: 100%;
}

.c12 {
  grid-area: text;
}

@media (min-width: 720px) {
  .c2 {
    margin-right: 0.5rem;
  }
}

@media (min-width: 0px) {
  .c5 {
    padding-top: 0.25rem;
    padding-bottom: 0.25rem;
  }
}

@media (min-width: 720px) {
  .c5 {
    padding-top: 0;
    padding-bottom: 0;
  }
}

@media (min-width: 0px) {
  .c5 {
    padding-left: 0.5rem;
    padding-right: 0.5rem;
  }
}

@media (min-width: 720px) {
  .c5 {
    padding-left: 0;
    padding-right: 0;
  }
}

@media (min-width: 0px) {
  .c15 {
    padding-top: 0.25rem;
    padding-bottom: 0.25rem;
  }
}

@media (min-width: 720px) {
  .c15 {
    padding-top: 0;
    padding-bottom: 0;
  }
}

@media (min-width: 0px) {
  .c15 {
    padding-left: 0.5rem;
    padding-right: 0.5rem;
  }
}

@media (min-width: 720px) {
  .c15 {
    padding-left: 0;
    padding-right: 0;
  }
}

@media (min-width: 720px) {
  .c4 {
    grid-template-columns: 1.5rem 1fr;
    grid-template-rows: 1.5rem 1fr;
    max-width: 14.25rem;
    min-width: 6rem;
  }
}

@media (min-width: 720px) {
  .c13 {
    border: 0;
    clip: rect(0 0 0 0);
    height: 1px;
    margin: -1px;
    overflow: hidden;
    padding: 0;
    position: absolute;
    white-space: nowrap;
    width: 1px;
  }
}

@media (min-width: 720px) {
  .c7 {
    border-radius: 50%;
    font-size: 1rem;
    line-height: 1.5rem;
  }
}

<div
  aria-valuemax="3"
  aria-valuemin="0"
  aria-valuenow="2"
  aria-valuetext="Step 2: Settings"
  class="c0 c1"
  role="progressbar"
>
  <div
    class="c2 c3 c4"
    display="[object Object]"
  >
    <div
      class="c5 c6 c7"
    >
      <svg
        aria-hidden="true"
        class="c8"
        color="white"
        fill="currentColor"
        height="24"
        stroke="currentColor"
        stroke-width="0"
        viewBox="0 0 24 24"
        width="24"
      >
        <path
          d="M0 0h24v24H0V0z"
          fill="none"
        />
        <path
          d="M9 16.17L5.53 12.7a.996.996 0 10-1.41 1.41l4.18 4.18c.39.39 1.02.39 1.41 0L20.29 7.71a.996.996 0 10-1.41-1.41L9 16.17z"
        />
      </svg>
    </div>
    <div
      class="c9 c10"
      display="[object Object]"
    />
    <p
      class="c11 c12"
      color="secondary70"
    >
      Login
    </p>
  </div>
  <div
    class="c2 c3 c4"
    display="[object Object]"
  >
    <div
      class="c5 c6 c7"
    >
      <span>
        <span
          class="c13"
        >
          Step
        </span>
         2 
        <span
          class="c13"
        >
          of 
          3
        </span>
      </span>
    </div>
    <div
      class="c14 c10"
      display="[object Object]"
    />
    <p
      class="c11 c12"
      color="secondary70"
    >
      Settings
    </p>
  </div>
  <div
    class="c2 c3 c4"
    display="[object Object]"
  >
    <div
      class="c15 c6 c7"
    >
      <span>
        <span
          class="c13"
        >
          Step
        </span>
         3 
        <span
          class="c13"
        >
          of 
          3
        </span>
      </span>
    </div>
    <div
      class="c14 c10"
      display="[object Object]"
    />
    <p
      class="c16 c12"
      color="secondary50"
    >
      Import
    </p>
  </div>
</div>
`;
